---
source: resym_core/tests/type_reconstruction.rs
assertion_line: 184
expression: reconstructed_type
---
union resym_test::BitFieldsTest3 {
  uint32_t b1 : 1;
  uint32_t b2 : 1;
  uint32_t b3 : 30;
};
