---
source: resym_core/tests/type_reconstruction.rs
assertion_line: 184
expression: reconstructed_type
---
struct resym_test::BitFieldsTest1 { /* Size=0x4 */
  uint32_t b1 : 1;
  uint32_t b2 : 1;
  uint32_t b3 : 30;
};
