---
source: resym_core/tests/type_reconstruction.rs
expression: reconstructed_type
---
struct resym_test::StructUnnamedUdtTest2 { /* Size=0x30 */
  /* 0x0000 */ public: unsigned long long int Before;
  union {
    struct {
      /* 0x0008 */ public: unsigned long long int u1;
      /* 0x0010 */ public: unsigned long long int u2;
    };
    struct {
      /* 0x0008 */ public: unsigned long long int* p1;
      /* 0x0010 */ public: unsigned long long int* p2;
    };
  };
  /* 0x0018 */ public: unsigned long long int Middle;
  union {
    /* 0x0020 */ public: unsigned long long int u3;
    /* 0x0020 */ public: unsigned long long int* p3;
  };
  /* 0x0028 */ public: unsigned long long int After;
};
