---
source: resym_core/tests/type_reconstruction.rs
expression: reconstructed_type
---

struct resym_test::ArrayTest { /* Size=0x5418 */
  /* 0x0000 */ public: CHAR array1[64];
  /* 0x0040 */ public: LONG array2[64];
  /* 0x0140 */ public: resym_test::PrimitiveTypesTest array3[64];
  /* 0x1d40 */ public: CHAR array4[1][2][3][4][5];
  /* 0x1db8 */ public: LONG array5[1][2][3][4][5];
  /* 0x1f98 */ public: resym_test::PrimitiveTypesTest array6[1][2][3][4][5];
};

