---
source: resym_core/tests/type_reconstruction.rs
expression: reconstructed_type
---
union resym_test::UnionUnnamedUdtTest1 { /* Size=0x70 */
  struct {
    /* 0x0000 */ public: unsigned int i1;
    /* 0x0004 */ public: unsigned int i2;
  };
  /* 0x0000 */ public: resym_test::PrimitiveTypesTest s1;
  /* 0x0000 */ public: unsigned long long int QuadPart;
  struct {
    /* 0x0000 */ public: unsigned int i11;
    /* 0x0004 */ public: unsigned int i22;
  };
};
