---
source: resym_core/tests/type_reconstruction.rs
expression: reconstructed_type
---
struct resym_test::BitFieldsTest5 { /* Size=0x2 */
  union {
    uint16_t b1 : 1;
    uint16_t b2 : 5;
    uint16_t b3 : 10;
  };
};
