---
source: resym_core/tests/type_reconstruction.rs
expression: reconstructed_type
---
union resym_test::UnionTest {
  unsigned char u1;
  uint16_t u2;
  uint32_t u3;
  uint64_t u4;
  static uint64_t su5;
  
  UnionTest();
  ~UnionTest();
  void* GetPtr();
  void* ConstMethod() const;
  void* VolatileMethod() volatile;
  void* ConstVolatileMethod() const volatile;
  void (*ReturnFuncPointerMethod())(int32_t);
  void* __vecDelDtor(uint32_t);
  
  static int32_t Magic();
  static int32_t MagicVar1(...);
  static int32_t MagicVar2(int32_t, ...);
};
