---
source: resym_core/tests/type_reconstruction.rs
expression: reconstructed_type
---
struct resym_test::BitFieldsTest1 {
  uint32_t b1 : 1;
  uint32_t b2 : 1;
  uint32_t b3 : 30;
};
