---
source: resym_core/tests/type_reconstruction.rs
expression: reconstructed_type
---

struct resym_test::BitFieldsTest1 { /* Size=0x4 */
  /* 0x0000 */ public: unsigned long b1 : 1; /* BitPos=0 */
  /* 0x0000 */ public: unsigned long b2 : 1; /* BitPos=1 */
  /* 0x0000 */ public: unsigned long b3 : 30; /* BitPos=2 */
};

