---
source: resym_core/tests/type_reconstruction.rs
expression: reconstructed_type
---
struct resym_test::BitFieldsTest5 {
  union {
    /* 0x0000 */ uint16_t b1 : 1; /* BitPos=0 */
    /* 0x0000 */ uint16_t b2 : 5; /* BitPos=0 */
    /* 0x0000 */ uint16_t b3 : 10; /* BitPos=0 */
  };
};
