---
source: tests/type_diffing.rs
expression: diffed_type
---
1 1 | 
2   |-struct UserStructAdd { // Size=0x10
  2 |+struct UserStructAdd { // Size=0x18
3 3 |   /* 0x0000 */ int32_t field1;
4 4 |   /* 0x0008 */ void* field2;
  5 |+  /* 0x0010 */ char field3;
  6 |+  /* 0x0014 */ int32_t field4;
5 7 | };

